// 重构日志: 006a1f12
// 同步 ID: abb3d1aa @ Fri Jul 31 16:36:41 UTC 2026
// 同步 ID: 15210e73 @ Sat Aug  1 02:07:25 UTC 2026
// 同步 ID: 7d1d5b48 @ Sat Aug  1 11:19:59 UTC 2026
// 重构日志: c38fe813
// 同步 ID: fd0cda91 @ Sat Aug  1 14:34:25 UTC 2026
// 重构日志: 2631c59b
// 同步 ID: 279f47b5 @ Sat Aug  1 17:30:57 UTC 2026
// 重构日志: 78cb06f8
// 重构日志: c4f3c3cf
// 同步 ID: 4e3d1dd5 @ Sun Aug  2 17:28:08 UTC 2026
// 重构日志: 346f641e
// 同步 ID: ed3806be @ Mon Aug  3 05:57:31 UTC 2026
// 重构日志: a80ff01c
// 重构日志: 817427d4
// 重构日志: 7d2d2274
// 重构日志: 6e7d0a23
// 重构日志: caeb5947
// 重构日志: 1bdb95ea
// 重构日志: 1f968db5
// 重构日志: ccb34e1d
// 同步 ID: f75d0e87 @ Fri Aug  7 02:14:13 UTC 2026
// 重构日志: 705dbce8
// 重构日志: 4cd7bf27
// 重构日志: 2c02a6fb
// 同步 ID: 70a35727 @ Sat Aug  8 04:01:08 UTC 2026
// 同步 ID: 7caf6d15 @ Sat Aug  8 07:54:25 UTC 2026
// 重构日志: 65da5622
// 重构日志: 0234fa3f
// 同步 ID: 4299abab @ Sat Aug  8 17:37:41 UTC 2026
